*** Using Compiler 'V5.06 update 1 (build 61)', folder: 'D:\keil5\ARM\ARMCC\Bin'
Rebuild target 'ENGINEER'
assembling startup_stm32f407xx.s...
compiling stm32f4xx_cec.c...
compiling system_stm32f4xx.c...
compiling start_tack.c...
compiling stm32f4xx_crc.c...
compiling misc.c...
compiling stm32f4xx_can.c...
compiling stm32f4xx_cryp_des.c...
compiling stm32f4xx_it.c...
compiling usbd_usr.c...
compiling stm32f4xx_adc.c...
compiling stm32f4xx_cryp.c...
compiling STM32_TIM_BASE.c...
compiling usbd_desc.c...
compiling stm32f4xx_cryp_aes.c...
compiling main.c...
compiling stm32f4xx_cryp_tdes.c...
compiling stm32f4xx_dac.c...
compiling stm32f4xx_dbgmcu.c...
compiling stm32f4xx_dcmi.c...
compiling stm32f4xx_fmpi2c.c...
compiling stm32f4xx_dma2d.c...
compiling stm32f4xx_dma.c...
compiling stm32f4xx_flash_ramfunc.c...
compiling stm32f4xx_hash.c...
compiling stm32f4xx_exti.c...
compiling stm32f4xx_hash_md5.c...
compiling stm32f4xx_hash_sha1.c...
compiling stm32f4xx_gpio.c...
compiling stm32f4xx_i2c.c...
compiling stm32f4xx_flash.c...
compiling stm32f4xx_iwdg.c...
compiling stm32f4xx_pwr.c...
compiling stm32f4xx_qspi.c...
compiling stm32f4xx_ltdc.c...
compiling stm32f4xx_rcc.c...
compiling stm32f4xx_rng.c...
compiling stm32f4xx_sai.c...
compiling stm32f4xx_sdio.c...
compiling stm32f4xx_spdifrx.c...
compiling stm32f4xx_rtc.c...
compiling stm32f4xx_syscfg.c...
compiling stm32f4xx_spi.c...
compiling stm32f4xx_wwdg.c...
compiling stm32f4xx_usart.c...
compiling stm32f4xx_tim.c...
compiling croutine.c...
compiling event_groups.c...
compiling list.c...
compiling queue.c...
compiling timers.c...
compiling tasks.c...
compiling port.c...
compiling delay.c...
compiling can.c...
compiling gpio.c...
compiling heap_4.c...
compiling usart.c...
compiling spi.c...
compiling dma.c...
compiling rc.c...
compiling tim.c...
compiling st_usb_cdc.c...
compiling bsp_flash.c...
compiling bsp_can.c...
compiling bsp_dwt.c...
compiling bsp_usb.c...
compiling bsp_iwdg.c...
compiling detect_task.c...
compiling comm_task.c...
compiling judge_task.c...
compiling info_get_task.c...
compiling gimbal_task.c...
compiling chassis_task.c...
compiling imu_task.c...
compiling modeswitch_task.c...
compiling pc_task.c...
compiling shoot_task.c...
compiling remote_ctrl.c...
compiling fuzzy_pid.c...
compiling keyboard.c...
compiling ramp.c...
compiling BMI088driver.c...
compiling pid.c...
compiling ladrc.c...
compiling power_control.c...
compiling protocol.c...
compiling AHRS_middleware.c...
compiling data_fifo.c...
compiling pc_tx_data.c...
compiling data_packet.c...
compiling pc_rx_data.c...
compiling judge_rx_data.c...
compiling judge_tx_data.c...
compiling BMI088Middleware.c...
compiling usbd_cdc_core.c...
compiling usbd_ioreq.c...
compiling usbd_core.c...
compiling usbd_req.c...
compiling usb_dcd.c...
compiling usb_core.c...
compiling usb_dcd_int.c...
linking...
Program Size: Code=66456 RO-data=3272 RW-data=1488 ZI-data=125104  
FromELF: creating hex file...
"..\OBJ\engineering.axf" - 0 Error(s), 0 Warning(s).
Build Time Elapsed:  00:00:10
